../Core/Src/main.c:96:6:HAL_TIM_PeriodElapsedCallback	40	static
../Core/Src/main.c:128:6:HAL_FDCAN_RxFifo0Callback	16	static
../Core/Src/main.c:145:5:_write	24	static
../Core/Src/main.c:156:5:main	40	static
../Core/Src/main.c:255:6:SystemClock_Config	88	static
../Core/Src/main.c:302:13:MX_FDCAN3_Init	8	static
../Core/Src/main.c:345:13:MX_TIM6_Init	24	static
../Core/Src/main.c:383:13:MX_USART2_UART_Init	8	static
../Core/Src/main.c:431:13:MX_GPIO_Init	40	static
../Core/Src/main.c:463:6:Error_Handler	8	static,ignoring_inline_asm
